804686 is not a multiple of 11.
782252 is not a multiple of 11.
162466 is not a multiple of 11.
280316 is not a multiple of 11.
194527 is not a multiple of 11.
425276 is not a multiple of 11.
503643 is not a multiple of 11.
600822 is not a multiple of 11.
636359 is not a multiple of 11.
427979 is not a multiple of 11.
