439008 is not a multiple of 11.
506596 is not a multiple of 11.
973146 is not a multiple of 11.
169916 is not a multiple of 11.
158074 is not a multiple of 11.
256094 is not a multiple of 11.
313496 is not a multiple of 11.
348012 is not a multiple of 11.
165398 is not a multiple of 11.
609877 is not a multiple of 11.
