577059 is not a multiple of 11.
969589 is not a multiple of 11.
965798 is not a multiple of 11.
47490 is not a multiple of 11.
27564 is not a multiple of 11.
583544 is not a multiple of 11.
551345 is not a multiple of 11.
350633 is not a multiple of 11.
747394 is not a multiple of 11.
547079 is not a multiple of 11.
