385247 is not a multiple of 11.
421605 is not a multiple of 11.
40148 is not a multiple of 11.
939876 is not a multiple of 11.
183754 is not a multiple of 11.
977716 is not a multiple of 11.
761506 is not a multiple of 11.
380486 is not a multiple of 11.
696460 is not a multiple of 11.
80648 is not a multiple of 11.
